// Jest Snapshot v1, https://goo.gl/fbAQLP

exports[`Posts component should match Snapshot 1`] = `
Array [
  <div
    data-testid="searchView-element"
  >
    <label
      htmlFor="searchInput"
    >
      Search post
    </label>
    <input
      data-testid="searchView-input"
      id="searchInput"
      onChange={[Function]}
      value=""
    />
    <button
      data-testid="clear-button"
      onClick={[Function]}
    >
      Clear
    </button>
  </div>,
  <div
    style={
      Object {
        "padding": 16,
      }
    }
  />,
  <hr />,
  <div
    style={
      Object {
        "padding": 16,
      }
    }
  />,
]
`;
